// Jest Snapshot v1, https://goo.gl/fbAQLP

exports[`testing uploading multiple files should render component 1`] = `
<Component
  dataURLKey="imgSrc"
  maxNumber={5}
  multiple={true}
  onChange={[Function]}
  value={Array []}
>
  <div
    id="app"
  >
    <ReactImageUploading
      dataURLKey="imgSrc"
      maxNumber={5}
      multiple={true}
      onChange={[Function]}
      value={Array []}
    >
      <input
        accept="image/*"
        multiple={true}
        onChange={[Function]}
        style={
          Object {
            "display": "none",
          }
        }
        type="file"
      />
      <div
        className="upload__image-wrapper"
      >
        <button
          id="btn-upload"
          onClick={[Function]}
          onDragEnter={[Function]}
          onDragLeave={[Function]}
          onDragOver={[Function]}
          onDrop={[Function]}
        >
          Click or Drop here
        </button>
        <button
          id="btn-remove"
          onClick={[Function]}
        >
          Remove all images
        </button>
        <div
          id="list-images"
        />
      </div>
    </ReactImageUploading>
  </div>
</Component>
`;
